#-----------------------------------------------------------
# Vivado v2020.2 (64-bit)
# SW Build 3064766 on Wed Nov 18 09:12:45 MST 2020
# IP Build 3064653 on Wed Nov 18 14:17:31 MST 2020
# Start of session at: Wed Aug 18 19:17:14 2021
# Process ID: 11248
# Current directory: C:/Users/hello/Downloads/TIFR/300mhz_testing-20210724T133626Z-001/300mhz_testing/fine_counter_testing
# Command line: vivado.exe -gui_launcher_event rodinguilauncherevent1904 C:\Users\hello\Downloads\TIFR\300mhz_testing-20210724T133626Z-001\300mhz_testing\fine_counter_testing\fine_counter_testing.xpr
# Log file: C:/Users/hello/Downloads/TIFR/300mhz_testing-20210724T133626Z-001/300mhz_testing/fine_counter_testing/vivado.log
# Journal file: C:/Users/hello/Downloads/TIFR/300mhz_testing-20210724T133626Z-001/300mhz_testing/fine_counter_testing\vivado.jou
#-----------------------------------------------------------
start_gui
open_project C:/Users/hello/Downloads/TIFR/300mhz_testing-20210724T133626Z-001/300mhz_testing/fine_counter_testing/fine_counter_testing.xpr
update_compile_order -fileset sources_1
synth_design -rtl -rtl_skip_mlo -name rtl_1
launch_simulation
launch_simulation
open_wave_config C:/Users/hello/Downloads/TIFR/300mhz_testing-20210724T133626Z-001/300mhz_testing/fine_counter_testing/sim_behav.wcfg
open_wave_config C:/Users/hello/Downloads/TIFR/300mhz_testing-20210724T133626Z-001/300mhz_testing/fine_counter_testing/sim_behav1.wcfg
source sim.tcl
export_ip_user_files -of_objects  [get_files C:/Users/hello/Downloads/TIFR/300mhz_testing-20210724T133626Z-001/300mhz_testing/fine_counter_testing/sim_behav.wcfg] -no_script -reset -force -quiet
remove_files  -fileset sim_1 C:/Users/hello/Downloads/TIFR/300mhz_testing-20210724T133626Z-001/300mhz_testing/fine_counter_testing/sim_behav.wcfg
export_ip_user_files -of_objects  [get_files C:/Users/hello/Downloads/TIFR/300mhz_testing-20210724T133626Z-001/300mhz_testing/fine_counter_testing/sim_behav1.wcfg] -no_script -reset -force -quiet
remove_files  -fileset sim_1 C:/Users/hello/Downloads/TIFR/300mhz_testing-20210724T133626Z-001/300mhz_testing/fine_counter_testing/sim_behav1.wcfg
close_sim
launch_simulation
source sim.tcl
close_sim
launch_simulation
source sim.tcl
close [ open C:/Users/hello/Downloads/TIFR/300mhz_testing-20210724T133626Z-001/300mhz_testing/fine_counter_testing/fine_counter_testing.srcs/sources_1/new/gate_pulse.v w ]
add_files C:/Users/hello/Downloads/TIFR/300mhz_testing-20210724T133626Z-001/300mhz_testing/fine_counter_testing/fine_counter_testing.srcs/sources_1/new/gate_pulse.v
update_compile_order -fileset sources_1
export_ip_user_files -of_objects  [get_files C:/Users/hello/Downloads/TIFR/300mhz_testing-20210724T133626Z-001/300mhz_testing/fine_counter_testing/fine_counter_testing.srcs/sources_1/new/gate.v] -no_script -reset -force -quiet
remove_files  C:/Users/hello/Downloads/TIFR/300mhz_testing-20210724T133626Z-001/300mhz_testing/fine_counter_testing/fine_counter_testing.srcs/sources_1/new/gate.v
close_sim
launch_simulation
source sim.tcl
close_sim
launch_simulation
source sim.tcl
reset_run synth_1
launch_runs impl_1 -to_step write_bitstream -jobs 4
wait_on_run impl_1
reset_run synth_1
launch_runs impl_1 -to_step write_bitstream -jobs 4
wait_on_run impl_1
reset_run synth_1
launch_runs impl_1 -to_step write_bitstream -jobs 4
wait_on_run impl_1
open_hw_manager
connect_hw_server -allow_non_jtag
open_hw_target
set_property PROGRAM.FILE {C:/Users/hello/Downloads/TIFR/300mhz_testing-20210724T133626Z-001/300mhz_testing/fine_counter_testing/fine_counter_testing.runs/impl_1/top.bit} [get_hw_devices xc7a100t_0]
current_hw_device [get_hw_devices xc7a100t_0]
refresh_hw_device -update_hw_probes false [lindex [get_hw_devices xc7a100t_0] 0]
set_property PROBES.FILE {} [get_hw_devices xc7a100t_0]
set_property FULL_PROBES.FILE {} [get_hw_devices xc7a100t_0]
set_property PROGRAM.FILE {C:/Users/hello/Downloads/TIFR/300mhz_testing-20210724T133626Z-001/300mhz_testing/fine_counter_testing/fine_counter_testing.runs/impl_1/top.bit} [get_hw_devices xc7a100t_0]
program_hw_devices [get_hw_devices xc7a100t_0]
refresh_hw_device [lindex [get_hw_devices xc7a100t_0] 0]
close_hw_manager
reset_run synth_1
launch_runs impl_1 -to_step write_bitstream -jobs 4
wait_on_run impl_1
open_hw_manager
connect_hw_server -allow_non_jtag
open_hw_target
set_property PROGRAM.FILE {C:/Users/hello/Downloads/TIFR/300mhz_testing-20210724T133626Z-001/300mhz_testing/fine_counter_testing/fine_counter_testing.runs/impl_1/top.bit} [get_hw_devices xc7a100t_0]
current_hw_device [get_hw_devices xc7a100t_0]
refresh_hw_device -update_hw_probes false [lindex [get_hw_devices xc7a100t_0] 0]
set_property PROBES.FILE {} [get_hw_devices xc7a100t_0]
set_property FULL_PROBES.FILE {} [get_hw_devices xc7a100t_0]
set_property PROGRAM.FILE {C:/Users/hello/Downloads/TIFR/300mhz_testing-20210724T133626Z-001/300mhz_testing/fine_counter_testing/fine_counter_testing.runs/impl_1/top.bit} [get_hw_devices xc7a100t_0]
program_hw_devices [get_hw_devices xc7a100t_0]
refresh_hw_device [lindex [get_hw_devices xc7a100t_0] 0]
reset_run synth_1
launch_runs impl_1 -to_step write_bitstream -jobs 4
wait_on_run impl_1
set_property PROBES.FILE {} [get_hw_devices xc7a100t_0]
set_property FULL_PROBES.FILE {} [get_hw_devices xc7a100t_0]
set_property PROGRAM.FILE {C:/Users/hello/Downloads/TIFR/300mhz_testing-20210724T133626Z-001/300mhz_testing/fine_counter_testing/fine_counter_testing.runs/impl_1/top.bit} [get_hw_devices xc7a100t_0]
program_hw_devices [get_hw_devices xc7a100t_0]
refresh_hw_device [lindex [get_hw_devices xc7a100t_0] 0]
reset_run synth_1
launch_runs impl_1 -to_step write_bitstream -jobs 4
wait_on_run impl_1
set_property PROBES.FILE {} [get_hw_devices xc7a100t_0]
set_property FULL_PROBES.FILE {} [get_hw_devices xc7a100t_0]
set_property PROGRAM.FILE {C:/Users/hello/Downloads/TIFR/300mhz_testing-20210724T133626Z-001/300mhz_testing/fine_counter_testing/fine_counter_testing.runs/impl_1/top.bit} [get_hw_devices xc7a100t_0]
program_hw_devices [get_hw_devices xc7a100t_0]
refresh_hw_device [lindex [get_hw_devices xc7a100t_0] 0]
reset_run synth_1
launch_runs impl_1 -to_step write_bitstream -jobs 4
wait_on_run impl_1
set_property PROBES.FILE {} [get_hw_devices xc7a100t_0]
set_property FULL_PROBES.FILE {} [get_hw_devices xc7a100t_0]
set_property PROGRAM.FILE {C:/Users/hello/Downloads/TIFR/300mhz_testing-20210724T133626Z-001/300mhz_testing/fine_counter_testing/fine_counter_testing.runs/impl_1/top.bit} [get_hw_devices xc7a100t_0]
program_hw_devices [get_hw_devices xc7a100t_0]
refresh_hw_device [lindex [get_hw_devices xc7a100t_0] 0]
close_hw_manager
set_property is_enabled true [get_files  C:/Users/hello/Downloads/TIFR/300mhz_testing-20210724T133626Z-001/300mhz_testing/fine_counter_testing/fine_counter_testing.srcs/sources_1/ip/clk_wiz_mmcm_0/clk_wiz_mmcm_0.xci]
set_property is_enabled true [get_files  C:/Users/hello/Downloads/TIFR/300mhz_testing-20210724T133626Z-001/300mhz_testing/fine_counter_testing/fine_counter_testing.srcs/sources_1/ip/clk_wiz_mmcm_1/clk_wiz_mmcm_1.xci]
reset_run synth_1
launch_runs impl_1 -to_step write_bitstream -jobs 4
wait_on_run impl_1
reset_run synth_1
launch_runs impl_1 -to_step write_bitstream -jobs 4
wait_on_run impl_1
close_sim
launch_simulation
reset_run synth_1
launch_runs impl_1 -to_step write_bitstream -jobs 4
wait_on_run impl_1
open_hw_manager
connect_hw_server -allow_non_jtag
open_hw_target
set_property PROGRAM.FILE {C:/Users/hello/Downloads/TIFR/300mhz_testing-20210724T133626Z-001/300mhz_testing/fine_counter_testing/fine_counter_testing.runs/impl_1/top.bit} [get_hw_devices xc7a100t_0]
current_hw_device [get_hw_devices xc7a100t_0]
refresh_hw_device -update_hw_probes false [lindex [get_hw_devices xc7a100t_0] 0]
set_property PROBES.FILE {} [get_hw_devices xc7a100t_0]
set_property FULL_PROBES.FILE {} [get_hw_devices xc7a100t_0]
set_property PROGRAM.FILE {C:/Users/hello/Downloads/TIFR/300mhz_testing-20210724T133626Z-001/300mhz_testing/fine_counter_testing/fine_counter_testing.runs/impl_1/top.bit} [get_hw_devices xc7a100t_0]
program_hw_devices [get_hw_devices xc7a100t_0]
refresh_hw_device [lindex [get_hw_devices xc7a100t_0] 0]
launch_simulation -mode post-implementation -type timing
source sim.tcl
reset_run synth_1
launch_runs impl_1 -to_step write_bitstream -jobs 4
wait_on_run impl_1
set_property PROBES.FILE {} [get_hw_devices xc7a100t_0]
set_property FULL_PROBES.FILE {} [get_hw_devices xc7a100t_0]
set_property PROGRAM.FILE {C:/Users/hello/Downloads/TIFR/300mhz_testing-20210724T133626Z-001/300mhz_testing/fine_counter_testing/fine_counter_testing.runs/impl_1/top.bit} [get_hw_devices xc7a100t_0]
program_hw_devices [get_hw_devices xc7a100t_0]
refresh_hw_device [lindex [get_hw_devices xc7a100t_0] 0]
archive_project C:/Users/hello/Downloads/TIFR/300mhz_testing-20210724T133626Z-001/300mhz_testing/fine_counter_testing.xpr.zip -temp_dir C:/Users/hello/Downloads/TIFR/300mhz_testing-20210724T133626Z-001/300mhz_testing/fine_counter_testing/.Xil/Vivado-11248-DELILAH -force -include_config_settings
set_property is_enabled false [get_files  C:/Users/hello/Downloads/TIFR/300mhz_testing-20210724T133626Z-001/300mhz_testing/fine_counter_testing/fine_counter_testing.srcs/sources_1/ip/clk_wiz_0/clk_wiz_0.xci]
set_property is_enabled false [get_files  C:/Users/hello/Downloads/TIFR/300mhz_testing-20210724T133626Z-001/300mhz_testing/fine_counter_testing/fine_counter_testing.srcs/sources_1/ip/clk_wiz_1/clk_wiz_1.xci]
reset_run impl_1 -prev_step 
launch_runs impl_1 -to_step write_bitstream -jobs 4
wait_on_run impl_1
report_timing_summary -delay_type min_max -report_unconstrained -check_timing_verbose -max_paths 10 -input_pins -routable_nets -name timing_1
set_property PROBES.FILE {} [get_hw_devices xc7a100t_0]
set_property FULL_PROBES.FILE {} [get_hw_devices xc7a100t_0]
set_property PROGRAM.FILE {C:/Users/hello/Downloads/TIFR/300mhz_testing-20210724T133626Z-001/300mhz_testing/fine_counter_testing/fine_counter_testing.runs/impl_1/top.bit} [get_hw_devices xc7a100t_0]
program_hw_devices [get_hw_devices xc7a100t_0]
refresh_hw_device [lindex [get_hw_devices xc7a100t_0] 0]
reset_run synth_1
launch_runs impl_1 -to_step write_bitstream -jobs 4
wait_on_run impl_1
reset_run synth_1
current_design rtl_1
launch_runs impl_1 -to_step write_bitstream -jobs 4
wait_on_run impl_1
set_property PROBES.FILE {} [get_hw_devices xc7a100t_0]
set_property FULL_PROBES.FILE {} [get_hw_devices xc7a100t_0]
set_property PROGRAM.FILE {C:/Users/hello/Downloads/TIFR/300mhz_testing-20210724T133626Z-001/300mhz_testing/fine_counter_testing/fine_counter_testing.runs/impl_1/top.bit} [get_hw_devices xc7a100t_0]
program_hw_devices [get_hw_devices xc7a100t_0]
refresh_hw_device [lindex [get_hw_devices xc7a100t_0] 0]
close_hw_manager
refresh_design
archive_project C:/Users/hello/Downloads/TIFR/300mhz_testing-20210724T133626Z-001/300mhz_testing/fine_counter_testing.xpr.zip -temp_dir C:/Users/hello/Downloads/TIFR/300mhz_testing-20210724T133626Z-001/300mhz_testing/fine_counter_testing/.Xil/Vivado-11248-DELILAH -force -include_config_settings
