#-----------------------------------------------------------
# Webtalk v2020.2 (64-bit)
# SW Build 3064766 on Wed Nov 18 09:12:45 MST 2020
# IP Build 3064653 on Wed Nov 18 14:17:31 MST 2020
# Start of session at: Sun Aug 15 19:28:13 2021
# Process ID: 3908
# Current directory: C:/Users/hello/Downloads/TIFR/300mhz_testing-20210724T133626Z-001/300mhz_testing/fine_counter_testing/fine_counter_testing.sim/sim_1/synth/func/xsim
# Command line: wbtcv.exe -mode batch -source C:/Users/hello/Downloads/TIFR/300mhz_testing-20210724T133626Z-001/300mhz_testing/fine_counter_testing/fine_counter_testing.sim/sim_1/synth/func/xsim/xsim.dir/sim_func_synth/webtalk/xsim_webtalk.tcl -notrace
# Log file: C:/Users/hello/Downloads/TIFR/300mhz_testing-20210724T133626Z-001/300mhz_testing/fine_counter_testing/fine_counter_testing.sim/sim_1/synth/func/xsim/webtalk.log
# Journal file: C:/Users/hello/Downloads/TIFR/300mhz_testing-20210724T133626Z-001/300mhz_testing/fine_counter_testing/fine_counter_testing.sim/sim_1/synth/func/xsim\webtalk.jou
#-----------------------------------------------------------
source C:/Users/hello/Downloads/TIFR/300mhz_testing-20210724T133626Z-001/300mhz_testing/fine_counter_testing/fine_counter_testing.sim/sim_1/synth/func/xsim/xsim.dir/sim_func_synth/webtalk/xsim_webtalk.tcl -notrace
