#-----------------------------------------------------------
# Vivado v2020.2 (64-bit)
# SW Build 3064766 on Wed Nov 18 09:12:45 MST 2020
# IP Build 3064653 on Wed Nov 18 14:17:31 MST 2020
# Start of session at: Wed Sep 29 06:41:19 2021
# Process ID: 11188
# Current directory: B:/TIFR/Fun Gen Files/Vivado/function_generator
# Command line: vivado.exe -gui_launcher_event rodinguilauncherevent14216 B:\TIFR\Fun Gen Files\Vivado\function_generator\function_generator.xpr
# Log file: B:/TIFR/Fun Gen Files/Vivado/function_generator/vivado.log
# Journal file: B:/TIFR/Fun Gen Files/Vivado/function_generator\vivado.jou
#-----------------------------------------------------------
start_gui
open_project {B:/TIFR/Fun Gen Files/Vivado/function_generator/function_generator.xpr}
open_hw_manager
connect_hw_server -allow_non_jtag
open_hw_target
set_property PROGRAM.FILE {B:/TIFR/Fun Gen Files/Vivado/function_generator/function_generator.runs/impl_1/Function_Generator.bit} [get_hw_devices xc7a100t_0]
current_hw_device [get_hw_devices xc7a100t_0]
refresh_hw_device -update_hw_probes false [lindex [get_hw_devices xc7a100t_0] 0]
set_property PROBES.FILE {} [get_hw_devices xc7a100t_0]
set_property FULL_PROBES.FILE {} [get_hw_devices xc7a100t_0]
set_property PROGRAM.FILE {B:/TIFR/Fun Gen Files/Vivado/function_generator/function_generator.runs/impl_1/Function_Generator.bit} [get_hw_devices xc7a100t_0]
program_hw_devices [get_hw_devices xc7a100t_0]
refresh_hw_device [lindex [get_hw_devices xc7a100t_0] 0]
set_property PROBES.FILE {} [get_hw_devices xc7a100t_0]
set_property FULL_PROBES.FILE {} [get_hw_devices xc7a100t_0]
set_property PROGRAM.FILE {B:/TIFR/Fun Gen Files/Vivado/function_generator/function_generator.runs/impl_1/Function_Generator.bit} [get_hw_devices xc7a100t_0]
program_hw_devices [get_hw_devices xc7a100t_0]
refresh_hw_device [lindex [get_hw_devices xc7a100t_0] 0]
set_property PROBES.FILE {} [get_hw_devices xc7a100t_0]
set_property FULL_PROBES.FILE {} [get_hw_devices xc7a100t_0]
set_property PROGRAM.FILE {B:/TIFR/Fun Gen Files/Vivado/function_generator/function_generator.runs/impl_1/Function_Generator.bit} [get_hw_devices xc7a100t_0]
program_hw_devices [get_hw_devices xc7a100t_0]
refresh_hw_device [lindex [get_hw_devices xc7a100t_0] 0]
set_property PROBES.FILE {} [get_hw_devices xc7a100t_0]
set_property FULL_PROBES.FILE {} [get_hw_devices xc7a100t_0]
set_property PROGRAM.FILE {B:/TIFR/Fun Gen Files/Vivado/function_generator/function_generator.runs/impl_1/Function_Generator.bit} [get_hw_devices xc7a100t_0]
program_hw_devices [get_hw_devices xc7a100t_0]
refresh_hw_device [lindex [get_hw_devices xc7a100t_0] 0]
close_hw_manager
open_hw_manager
connect_hw_server -allow_non_jtag
open_hw_target
set_property PROGRAM.FILE {B:/TIFR/Fun Gen Files/Vivado/function_generator/function_generator.runs/impl_1/Function_Generator.bit} [get_hw_devices xc7a100t_0]
current_hw_device [get_hw_devices xc7a100t_0]
refresh_hw_device -update_hw_probes false [lindex [get_hw_devices xc7a100t_0] 0]
close_hw_target {localhost:3121/xilinx_tcf/Digilent/210292AA7D7BA}
open_hw_target {localhost:3121/xilinx_tcf/Digilent/210292ABF811A}
set_property PROGRAM.FILE {B:/TIFR/Fun Gen Files/Vivado/function_generator/function_generator.runs/impl_1/Function_Generator.bit} [get_hw_devices xc7a100t_0_1]
current_hw_device [get_hw_devices xc7a100t_0_1]
refresh_hw_device -update_hw_probes false [lindex [get_hw_devices xc7a100t_0_1] 0]
set_property PROBES.FILE {} [get_hw_devices xc7a100t_0_1]
set_property FULL_PROBES.FILE {} [get_hw_devices xc7a100t_0_1]
set_property PROGRAM.FILE {B:/TIFR/Fun Gen Files/Vivado/function_generator/function_generator.runs/impl_1/Function_Generator.bit} [get_hw_devices xc7a100t_0_1]
program_hw_devices [get_hw_devices xc7a100t_0_1]
refresh_hw_device [lindex [get_hw_devices xc7a100t_0_1] 0]
set_property PROBES.FILE {} [get_hw_devices xc7a100t_0_1]
set_property FULL_PROBES.FILE {} [get_hw_devices xc7a100t_0_1]
set_property PROGRAM.FILE {B:/TIFR/Fun Gen Files/Vivado/function_generator/function_generator.runs/impl_1/Function_Generator.bit} [get_hw_devices xc7a100t_0_1]
program_hw_devices [get_hw_devices xc7a100t_0_1]
refresh_hw_device [lindex [get_hw_devices xc7a100t_0_1] 0]
